>>> print_square = __import__('4-print_square').print_square

# test: with positive integer
>>> print_square(4)
####
####
####
####

# test: with negative integer
>>> print_square(-5)
Traceback (most recent call last):
ValueError: size must be >= 0

# test: with float
>>> print_square(3.1415)
Traceback (most recent call last):
TypeError: size must be an integer

# test: with negative float
>>> print_square(-3.1415)
Traceback (most recent call last):
TypeError: size must be an integer


# test: with 0
>>> print_square(0)


# test: with None
>>> print_square()
Traceback (most recent call last):
TypeError: print_square() missing 1 required positional argument: 'size'
